// Jest Snapshot v1, https://goo.gl/fbAQLP

exports[`PluginPrePublishPanel renders fill properly 1`] = `
<div
  className="components-panel__body my-plugin-pre-publish-panel is-opened"
>
  <h2
    className="components-panel__body-title"
  >
    <button
      aria-expanded={true}
      className="components-button components-panel__body-toggle"
      onClick={[Function]}
      type="button"
    >
      <svg
        aria-hidden="true"
        className="components-panel__arrow"
        focusable="false"
        height="24px"
        role="img"
        viewBox="0 0 24 24"
        width="24px"
        xmlns="http://www.w3.org/2000/svg"
      >
        <g>
          <path
            d="M0,0h24v24H0V0z"
            fill="none"
          />
        </g>
        <g>
          <path
            d="M12,8l-6,6l1.41,1.41L12,10.83l4.59,4.58L18,14L12,8z"
          />
        </g>
      </svg>
      My panel title
    </button>
  </h2>
  My panel content
</div>
`;
